I/cppImSDL(18955): Initializing ImGui for GLES2
I/cppImSDL(18955): Setting processEvent and newFrame functions appropriately
I/cppImSDL(18955): Finished initialization
I/cppImSDL(18955): Entering main loop
V/SDL     (18955): onWindowFocusChanged(): true
I/ActivityManager( 1070): Displayed me.sfalexrog.imguidemo/.DemoActivity: +370ms
I/cppImSDL(18955): after SDL_Clearing
I/cppImSDL(18955): after SDL_Clearing
I/cppImSDL(18955): after SDL_Clearing
I/cppImSDL(18955): after SDL_Clearing
I/cppImSDL(18955): after SDL_Clearing
I/cppImSDL(18955): after SDL_Clearing
I/cppImSDL(18955): after SDL_Clearing
I/cppImSDL(18955): after SDL_Clearing
I/cppImSDL(18955): after SDL_Clearing
I/cppImSDL(18955): after SDL_Clearing
I/cppImSDL(18955): after SDL_Clearing
I/cppImSDL(18955): after SDL_Clearing
I/cppImSDL(18955): after SDL_Clearing
I/cppImSDL(18955): after SDL_Clearing
I/cppImSDL(18955): after SDL_Clearing
I/cppImSDL(18955): after SDL_Clearing
I/cppImSDL(18955): after SDL_Clearing
I/cppImSDL(18955): after SDL_Clearing
I/cppImSDL(18955): after SDL_Clearing
I/cppImSDL(18955): after SDL_Clearing
I/cppImSDL(18955): after SDL_Clearing
I/cppImSDL(18955): after SDL_Clearing
I/cppImSDL(18955): after SDL_Clearing
I/cppImSDL(18955): after SDL_Clearing
I/cppImSDL(18955): after SDL_Clearing
I/cppImSDL(18955): after SDL_Clearing
I/cppImSDL(18955): after SDL_Clearing
I/cppImSDL(18955): after SDL_Clearing
I/cppImSDL(18955): after SDL_Clearing
I/cppImSDL(18955): after SDL_Clearing
I/cppImSDL(18955): after SDL_Clearing
I/cppImSDL(18955): after SDL_Clearing
I/cppImSDL(18955): after SDL_Clearing
I/cppImSDL(18955): after SDL_Clearing
I/cppImSDL(18955): after SDL_Clearing
I/cppImSDL(18955): after SDL_Clearing
I/cppImSDL(18955): after SDL_Clearing
I/cppImSDL(18955): after SDL_Clearing
I/cppImSDL(18955): after SDL_Clearing
I/cppImSDL(18955): after SDL_Clearing
I/cppImSDL(18955): after SDL_Clearing
I/cppImSDL(18955): after SDL_Clearing
I/cppImSDL(18955): after SDL_Clearing
I/cppImSDL(18955): after SDL_Clearing
I/cppImSDL(18955): after SDL_Clearing
I/cppImSDL(18955): after SDL_Clearing
I/cppImSDL(18955): after SDL_Clearing
I/cppImSDL(18955): after SDL_Clearing
I/cppImSDL(18955): after SDL_Clearing
I/cppImSDL(18955): after SDL_Clearing
I/cppImSDL(18955): after SDL_Clearing
I/cppImSDL(18955): after SDL_Clearing
I/cppImSDL(18955): after SDL_Clearing
I/cppImSDL(18955): after SDL_Clearing
I/cppImSDL(18955): after SDL_Clearing
I/cppImSDL(18955): after SDL_Clearing
I/cppImSDL(18955): after SDL_Clearing
I/cppImSDL(18955): after SDL_Clearing
I/cppImSDL(18955): after SDL_Clearing
I/cppImSDL(18955): after SDL_Clearing
I/cppImSDL(18955): after SDL_Clearing
I/cppImSDL(18955): after SDL_Clearing
I/cppImSDL(18955): after SDL_Clearing
I/cppImSDL(18955): after SDL_Clearing
I/cppImSDL(18955): after SDL_Clearing
I/cppImSDL(18955): after SDL_Clearing
I/cppImSDL(18955): after SDL_Clearing
I/cppImSDL(18955): after SDL_Clearing
I/cppImSDL(18955): after SDL_Clearing
I/cppImSDL(18955): after SDL_Clearing
I/cppImSDL(18955): after SDL_Clearing
I/cppImSDL(18955): after SDL_Clearing
I/cppImSDL(18955): after SDL_Clearing
I/cppImSDL(18955): after SDL_Clearing
I/cppImSDL(18955): after SDL_Clearing
I/cppImSDL(18955): after SDL_Clearing
I/cppImSDL(18955): after SDL_Clearing
I/cppImSDL(18955): after SDL_Clearing
I/cppImSDL(18955): after SDL_Clearing
I/cppImSDL(18955): after SDL_Clearing
I/cppImSDL(18955): after SDL_Clearing
I/cppImSDL(18955): after SDL_Clearing
I/cppImSDL(18955): after SDL_Clearing
I/cppImSDL(18955): after SDL_Clearing
I/cppImSDL(18955): after SDL_Clearing
I/cppImSDL(18955): after SDL_Clearing
I/cppImSDL(18955): after SDL_Clearing
I/cppImSDL(18955): after SDL_Clearing
I/cppImSDL(18955): after SDL_Clearing
I/cppImSDL(18955): after SDL_Clearing
I/cppImSDL(18955): after SDL_Clearing
I/cppImSDL(18955): after SDL_Clearing
I/cppImSDL(18955): after SDL_Clearing
I/cppImSDL(18955): after SDL_Clearing
I/cppImSDL(18955): after SDL_Clearing
I/cppImSDL(18955): after SDL_Clearing
I/cppImSDL(18955): after SDL_Clearing
I/cppImSDL(18955): after SDL_Clearing
I/cppImSDL(18955): after SDL_Clearing
I/cppImSDL(18955): after SDL_Clearing
I/cppImSDL(18955): after SDL_Clearing
I/cppImSDL(18955): after SDL_Clearing
I/cppImSDL(18955): after SDL_Clearing
I/cppImSDL(18955): after SDL_Clearing
I/cppImSDL(18955): after SDL_Clearing
I/cppImSDL(18955): after SDL_Clearing
I/cppImSDL(18955): after SDL_Clearing
I/cppImSDL(18955): after SDL_Clearing
I/cppImSDL(18955): after SDL_Clearing
I/cppImSDL(18955): after SDL_Clearing
I/cppImSDL(18955): after SDL_Clearing
I/cppImSDL(18955): after SDL_Clearing
I/cppImSDL(18955): after SDL_Clearing
I/cppImSDL(18955): after SDL_Clearing
I/cppImSDL(18955): after SDL_Clearing
I/cppImSDL(18955): after SDL_Clearing
I/cppImSDL(18955): after SDL_Clearing
I/cppImSDL(18955): after SDL_Clearing
I/cppImSDL(18955): after SDL_Clearing
I/cppImSDL(18955): after SDL_Clearing
I/cppImSDL(18955): after SDL_Clearing
I/cppImSDL(18955): after SDL_Clearing
I/cppImSDL(18955): after SDL_Clearing
I/cppImSDL(18955): after SDL_Clearing
I/cppImSDL(18955): after SDL_Clearing
I/cppImSDL(18955): after SDL_Clearing
I/cppImSDL(18955): after SDL_Clearing
I/cppImSDL(18955): after SDL_Clearing
I/cppImSDL(18955): after SDL_Clearing
I/cppImSDL(18955): after SDL_Clearing
I/cppImSDL(18955): after SDL_Clearing
I/cppImSDL(18955): after SDL_Clearing
I/cppImSDL(18955): after SDL_Clearing
I/cppImSDL(18955): after SDL_Clearing
I/cppImSDL(18955): after SDL_Clearing
I/cppImSDL(18955): after SDL_Clearing
I/cppImSDL(18955): after SDL_Clearing
I/cppImSDL(18955): after SDL_Clearing
I/cppImSDL(18955): after SDL_Clearing
I/cppImSDL(18955): after SDL_Clearing
I/cppImSDL(18955): after SDL_Clearing
I/cppImSDL(18955): after SDL_Clearing
I/cppImSDL(18955): after SDL_Clearing
I/cppImSDL(18955): after SDL_Clearing
I/cppImSDL(18955): after SDL_Clearing
I/cppImSDL(18955): after SDL_Clearing
I/cppImSDL(18955): after SDL_Clearing
I/cppImSDL(18955): after SDL_Clearing
I/cppImSDL(18955): after SDL_Clearing
I/cppImSDL(18955): after SDL_Clearing
I/cppImSDL(18955): after SDL_Clearing
I/cppImSDL(18955): after SDL_Clearing
I/cppImSDL(18955): after SDL_Clearing
I/cppImSDL(18955): after SDL_Clearing
I/cppImSDL(18955): after SDL_Clearing
I/cppImSDL(18955): after SDL_Clearing
I/cppImSDL(18955): after SDL_Clearing
I/cppImSDL(18955): after SDL_Clearing
I/cppImSDL(18955): after SDL_Clearing
I/cppImSDL(18955): after SDL_Clearing
I/cppImSDL(18955): after SDL_Clearing
I/cppImSDL(18955): after SDL_Clearing
I/cppImSDL(18955): after SDL_Clearing
I/cppImSDL(18955): after SDL_Clearing
I/cppImSDL(18955): after SDL_Clearing
I/cppImSDL(18955): after SDL_Clearing
I/cppImSDL(18955): after SDL_Clearing
I/cppImSDL(18955): after SDL_Clearing
I/cppImSDL(18955): after SDL_Clearing
I/cppImSDL(18955): after SDL_Clearing
I/cppImSDL(18955): after SDL_Clearing
I/ActivityManager( 1070): START u0 {act=android.intent.action.MAIN cat=[android.intent.category.HOME] flg=0x10200000 cmp=cn.nubia.launcher/com.android.launcher2.Launcher} from pid 1070
I/cppImSDL(18955): after SDL_Clearing
V/SDL     (18955): onPause()
V/SDL     (18955): nativePause()
I/javaImSDL(18955): onPause
E/ActivityManager( 1070): THREE_FINGER_SLIDE ActivityStack sendActivityStackChangedIntent begin mMoveTaskFlag = 0
W/ContextImpl( 1070): Calling a method in the system process without a qualified user: android.app.ContextImpl.sendBroadcast:1055 com.android.server.am.ActivityStack.activityPaused:1106 com.android.server.am.ActivityManagerService.activityPaused:4576 android.app.ActivityManagerNative.onTransact:422 com.android.server.am.ActivityManagerService.onTransact:1747
V/ActivityManager( 1070): THREE_FINGER_SLIDE ActivityStack resumeTopActivityLocked 222 prevTaskId = 53
V/ActivityManager( 1070): THREE_FINGER_SLIDE ActivityStack resumeTopActivityLocked 222 nextTaskId = 2
I/cppImSDL(18955): SDL_APP_will-enter-Back-ground
I/cppImSDL(18955): SDL_APP_done-enter-Back-ground
I/cppImSDL(18955): after SDL_Clearing
V/SDL     (18955): onWindowFocusChanged(): false
W/ContextImpl( 1070): Calling a method in the system process without a qualified user: android.app.ContextImpl.sendBroadcast:1055 com.android.server.am.ActivityStack.sendActivityStackChangedIntent:4890 com.android.server.am.ActivityStack.resumeTopActivityLocked:1732 com.android.server.am.ActivityStack.resumeTopActivityLocked:1471 com.android.server.am.ActivityStack.completePauseLocked:1212
W/ContextImpl( 1070): Calling a method in the system process without a qualified user: android.app.ContextImpl.sendBroadcast:1055 com.android.server.am.ActivityStack.resumeTopActivityLocked:1799 com.android.server.am.ActivityStack.resumeTopActivityLocked:1471 com.android.server.am.ActivityStack.completePauseLocked:1212 com.android.server.am.ActivityStack.activityPaused:1109
V/SDL     (18955): surfaceDestroyed()
I/javaImSDL(18955): onStop
I/ActivityManager( 1070): START u0 {act=android.intent.action.MAIN cat=[android.intent.category.LAUNCHER] flg=0x10200000 cmp=me.sfalexrog.imguidemo/.DemoActivity bnds=[360,693][530,873]} from pid 1308
D/dalvikvm( 1070): GC_FOR_ALLOC freed 5594K, 47% free 26277K/49076K, paused 51ms, total 52ms
W/ContextImpl( 1070): Calling a method in the system process without a qualified user: android.app.ContextImpl.sendBroadcast:1055 com.android.server.am.ActivityStack.activityPaused:1106 com.android.server.am.ActivityManagerService.activityPaused:4576 android.app.ActivityManagerNative.onTransact:422 com.android.server.am.ActivityManagerService.onTransact:1747
E/ActivityManager( 1070): THREE_FINGER_SLIDE ActivityStack sendActivityStackChangedIntent begin mMoveTaskFlag = 0
V/ActivityManager( 1070): THREE_FINGER_SLIDE ActivityStack resumeTopActivityLocked 222 prevTaskId = 2
V/ActivityManager( 1070): THREE_FINGER_SLIDE ActivityStack resumeTopActivityLocked 222 nextTaskId = 53
W/ContextImpl( 1070): Calling a method in the system process without a qualified user: android.app.ContextImpl.sendBroadcast:1055 com.android.server.am.ActivityStack.sendActivityStackChangedIntent:4890 com.android.server.am.ActivityStack.resumeTopActivityLocked:1732 com.android.server.am.ActivityStack.resumeTopActivityLocked:1471 com.android.server.am.ActivityStack.completePauseLocked:1212
W/ContextImpl( 1070): Calling a method in the system process without a qualified user: android.app.ContextImpl.sendBroadcast:1055 com.android.server.am.ActivityStack.resumeTopActivityLocked:1799 com.android.server.am.ActivityStack.resumeTopActivityLocked:1471 com.android.server.am.ActivityStack.completePauseLocked:1212 com.android.server.am.ActivityStack.activityPaused:1109
I/javaImSDL(18955): onRestart
I/javaImSDL(18955): onStart
V/SDL     (18955): onResume()
I/javaImSDL(18955): onResume
V/SDL     (18955): surfaceCreated()
V/SDL     (18955): surfaceChanged()
V/SDL     (18955): pixel format RGB_565
V/SDL     (18955): Window size: 720x1230
V/SDL     (18955): onWindowFocusChanged(): true
V/SDL     (18955): nativeResume()
W/Adreno-EGL(18955): <qeglDrvAPI_eglMakeCurrent:2980>: EGL_BAD_MATCH
E/libEGL  (18955): eglMakeCurrent:671 error 3009 (EGL_BAD_MATCH)
I/cppImSDL(18955): SDL_APP_will-enter-Fore-ground
I/cppImSDL(18955): SDL_APP_done-enter-Fore-ground
I/cppImSDL(18955): after SDL_Clearing
I/cppImSDL(18955): after SDL_Clearing
I/cppImSDL(18955): after SDL_Clearing
I/cppImSDL(18955): after SDL_Clearing
I/cppImSDL(18955): after SDL_Clearing
I/cppImSDL(18955): after SDL_Clearing
I/cppImSDL(18955): after SDL_Clearing
I/cppImSDL(18955): after SDL_Clearing
I/cppImSDL(18955): after SDL_Clearing
I/cppImSDL(18955): after SDL_Clearing
I/cppImSDL(18955): after SDL_Clearing
I/cppImSDL(18955): after SDL_Clearing
I/cppImSDL(18955): after SDL_Clearing
I/cppImSDL(18955): after SDL_Clearing
I/cppImSDL(18955): after SDL_Clearing
I/cppImSDL(18955): after SDL_Clearing
I/cppImSDL(18955): after SDL_Clearing
I/cppImSDL(18955): after SDL_Clearing
I/cppImSDL(18955): after SDL_Clearing
I/cppImSDL(18955): after SDL_Clearing
I/cppImSDL(18955): after SDL_Clearing
I/cppImSDL(18955): after SDL_Clearing
I/cppImSDL(18955): after SDL_Clearing
I/cppImSDL(18955): after SDL_Clearing
I/cppImSDL(18955): after SDL_Clearing
I/cppImSDL(18955): after SDL_Clearing
I/cppImSDL(18955): after SDL_Clearing
I/cppImSDL(18955): after SDL_Clearing
I/cppImSDL(18955): after SDL_Clearing
I/cppImSDL(18955): after SDL_Clearing
I/cppImSDL(18955): after SDL_Clearing
I/cppImSDL(18955): after SDL_Clearing
I/cppImSDL(18955): after SDL_Clearing
I/cppImSDL(18955): after SDL_Clearing
I/cppImSDL(18955): after SDL_Clearing
I/cppImSDL(18955): after SDL_Clearing
I/cppImSDL(18955): after SDL_Clearing
I/cppImSDL(18955): after SDL_Clearing
I/cppImSDL(18955): after SDL_Clearing
I/cppImSDL(18955): after SDL_Clearing
I/cppImSDL(18955): after SDL_Clearing
I/cppImSDL(18955): after SDL_Clearing
I/cppImSDL(18955): after SDL_Clearing
I/cppImSDL(18955): after SDL_Clearing
I/cppImSDL(18955): after SDL_Clearing
I/cppImSDL(18955): after SDL_Clearing
I/cppImSDL(18955): after SDL_Clearing
I/cppImSDL(18955): after SDL_Clearing
I/cppImSDL(18955): after SDL_Clearing
I/cppImSDL(18955): after SDL_Clearing
I/cppImSDL(18955): after SDL_Clearing
I/cppImSDL(18955): after SDL_Clearing
I/cppImSDL(18955): after SDL_Clearing
I/cppImSDL(18955): after SDL_Clearing
I/cppImSDL(18955): after SDL_Clearing
I/cppImSDL(18955): after SDL_Clearing
I/cppImSDL(18955): after SDL_Clearing
I/cppImSDL(18955): after SDL_Clearing
I/cppImSDL(18955): after SDL_Clearing
I/cppImSDL(18955): after SDL_Clearing
I/cppImSDL(18955): after SDL_Clearing
I/cppImSDL(18955): after SDL_Clearing
I/cppImSDL(18955): after SDL_Clearing
I/cppImSDL(18955): after SDL_Clearing
I/cppImSDL(18955): after SDL_Clearing
I/cppImSDL(18955): after SDL_Clearing
I/cppImSDL(18955): after SDL_Clearing
I/cppImSDL(18955): after SDL_Clearing
I/cppImSDL(18955): after SDL_Clearing
I/cppImSDL(18955): after SDL_Clearing
I/cppImSDL(18955): after SDL_Clearing
I/cppImSDL(18955): after SDL_Clearing
I/cppImSDL(18955): after SDL_Clearing
I/cppImSDL(18955): after SDL_Clearing
I/cppImSDL(18955): after SDL_Clearing
I/cppImSDL(18955): after SDL_Clearing
I/cppImSDL(18955): after SDL_Clearing
I/cppImSDL(18955): after SDL_Clearing
I/cppImSDL(18955): after SDL_Clearing
I/cppImSDL(18955): after SDL_Clearing
I/cppImSDL(18955): after SDL_Clearing
I/cppImSDL(18955): after SDL_Clearing
I/cppImSDL(18955): after SDL_Clearing
I/cppImSDL(18955): after SDL_Clearing
I/ActivityManager( 1070): START u0 {act=android.intent.action.MAIN cat=[android.intent.category.HOME] flg=0x10200000 cmp=cn.nubia.launcher/com.android.launcher2.Launcher} from pid 1070
V/SDL     (18955): onPause()
V/SDL     (18955): nativePause()
I/javaImSDL(18955): onPause
E/ActivityManager( 1070): THREE_FINGER_SLIDE ActivityStack sendActivityStackChangedIntent begin mMoveTaskFlag = 0
W/ContextImpl( 1070): Calling a method in the system process without a qualified user: android.app.ContextImpl.sendBroadcast:1055 com.android.server.am.ActivityStack.activityPaused:1106 com.android.server.am.ActivityManagerService.activityPaused:4576 android.app.ActivityManagerNative.onTransact:422 com.android.server.am.ActivityManagerService.onTransact:1747
V/ActivityManager( 1070): THREE_FINGER_SLIDE ActivityStack resumeTopActivityLocked 222 prevTaskId = 53
V/ActivityManager( 1070): THREE_FINGER_SLIDE ActivityStack resumeTopActivityLocked 222 nextTaskId = 2
W/ContextImpl( 1070): Calling a method in the system process without a qualified user: android.app.ContextImpl.sendBroadcast:1055 com.android.server.am.ActivityStack.sendActivityStackChangedIntent:4890 com.android.server.am.ActivityStack.resumeTopActivityLocked:1732 com.android.server.am.ActivityStack.resumeTopActivityLocked:1471 com.android.server.am.ActivityStack.completePauseLocked:1212
W/ContextImpl( 1070): Calling a method in the system process without a qualified user: android.app.ContextImpl.sendBroadcast:1055 com.android.server.am.ActivityStack.resumeTopActivityLocked:1799 com.android.server.am.ActivityStack.resumeTopActivityLocked:1471 com.android.server.am.ActivityStack.completePauseLocked:1212 com.android.server.am.ActivityStack.activityPaused:1109
V/SDL     (18955): onWindowFocusChanged(): false
I/cppImSDL(18955): SDL_APP_will-enter-Back-ground
I/cppImSDL(18955): SDL_APP_done-enter-Back-ground
I/cppImSDL(18955): after SDL_Clearing
V/SDL     (18955): surfaceDestroyed()
I/javaImSDL(18955): onStop
I/ActivityManager( 1070): START u0 {act=com.android.systemui.nubiarecent.action.TOGGLE_RECENTS flg=0x10800000 cmp=com.android.systemui/.NubiaRecent.UserGuideActivity} from pid 1117
W/ContextImpl( 1070): Calling a method in the system process without a qualified user: android.app.ContextImpl.sendBroadcast:1055 com.android.server.am.ActivityStack.activityPaused:1106 com.android.server.am.ActivityManagerService.activityPaused:4576 android.app.ActivityManagerNative.onTransact:422 com.android.server.am.ActivityManagerService.onTransact:1747
W/ActivityManager( 1070): THREE_FINGER_SLIDE ActivityStack realStartActivityLocked call sendApkLanuchIntent rId = 54
W/ActivityManager( 1070): THREE_FINGER_SLIDE ActivityStack realStartActivityLocked call sendApkLanuchIntent LastPausedId = 2
E/ActivityManager( 1070): THREE_FINGER_SLIDE ActivityStack sendActivityStackChangedIntent begin mMoveTaskFlag = 0
W/ContextImpl( 1070): Calling a method in the system process without a qualified user: android.app.ContextImpl.sendBroadcast:1055 com.android.server.am.ActivityStack.realStartActivityLocked:782 com.android.server.am.ActivityStack.startSpecificActivityLocked:845 com.android.server.am.ActivityStack.resumeTopActivityLocked:1865 com.android.server.am.ActivityStack.resumeTopActivityLocked:1471
W/ContextImpl( 1070): Calling a method in the system process without a qualified user: android.app.ContextImpl.sendBroadcast:1055 com.android.server.am.ActivityStack.sendActivityStackChangedIntent:4890 com.android.server.am.ActivityStack.realStartActivityLocked:801 com.android.server.am.ActivityStack.startSpecificActivityLocked:845 com.android.server.am.ActivityStack.resumeTopActivityLocked:1865
I/ActivityManager( 1070): START u0 {act=com.android.systemui.nubiarecent.action.TOGGLE_RECENTS flg=0x10800000 cmp=com.android.systemui/.NubiaRecent.NubiaRecentsActivity} from pid 1117
W/ContextImpl( 1070): Calling a method in the system process without a qualified user: android.app.ContextImpl.sendBroadcast:1055 com.android.server.am.ActivityStack.activityPaused:1106 com.android.server.am.ActivityManagerService.activityPaused:4576 android.app.ActivityManagerNative.onTransact:422 com.android.server.am.ActivityManagerService.onTransact:1747
W/ActivityManager( 1070): THREE_FINGER_SLIDE ActivityStack realStartActivityLocked call sendApkLanuchIntent rId = 55
W/ContextImpl( 1070): Calling a method in the system process without a qualified user: android.app.ContextImpl.sendBroadcast:1055 com.android.server.am.ActivityStack.realStartActivityLocked:782 com.android.server.am.ActivityStack.startSpecificActivityLocked:845 com.android.server.am.ActivityStack.resumeTopActivityLocked:1865 com.android.server.am.ActivityStack.resumeTopActivityLocked:1471
W/ActivityManager( 1070): THREE_FINGER_SLIDE ActivityStack realStartActivityLocked call sendApkLanuchIntent LastPausedId = 54
E/ActivityManager( 1070): THREE_FINGER_SLIDE ActivityStack sendActivityStackChangedIntent begin mMoveTaskFlag = 0
W/ContextImpl( 1070): Calling a method in the system process without a qualified user: android.app.ContextImpl.sendBroadcast:1055 com.android.server.am.ActivityStack.sendActivityStackChangedIntent:4890 com.android.server.am.ActivityStack.realStartActivityLocked:801 com.android.server.am.ActivityStack.startSpecificActivityLocked:845 com.android.server.am.ActivityStack.resumeTopActivityLocked:1865
I/ActivityManager( 1070): Displayed com.android.systemui/.NubiaRecent.NubiaRecentsActivity: +83ms (total +115ms)
V/SDL     (18955): onDestroy()
I/ActivityManager( 1070): Killing 18955:me.sfalexrog.imguidemo/u0a10075: remove task
I/ActivityManager( 1070): Force stopping package me.sfalexrog.imguidemo appid=10075 user=0
I/ActivityManager( 1070): Killing proc 18955:me.sfalexrog.imguidemo/u0a10075: force stop me.sfalexrog.imguidemo
D/dalvikvm( 1070): GC_FOR_ALLOC freed 7311K, 50% free 24549K/49076K, paused 81ms, total 81ms
I/WindowState( 1070): WIN DEATH: Window{41de7b18 u0 me.sfalexrog.imguidemo/me.sfalexrog.imguidemo.DemoActivity}
I/WindowState( 1070): WIN DEATH: null
W/ContextImpl( 1070): Calling a method in the system process without a qualified user: android.app.ContextImpl.sendBroadcast:1055 com.android.server.am.ActivityStack.activityPaused:1106 com.android.server.am.ActivityManagerService.activityPaused:4576 android.app.ActivityManagerNative.onTransact:422 com.android.server.am.ActivityManagerService.onTransact:1747
V/ActivityManager( 1070): THREE_FINGER_SLIDE ActivityStack resumeTopActivityLocked 222 prevTaskId = 55
E/ActivityManager( 1070): THREE_FINGER_SLIDE ActivityStack sendActivityStackChangedIntent begin mMoveTaskFlag = 0
V/ActivityManager( 1070): THREE_FINGER_SLIDE ActivityStack resumeTopActivityLocked 222 nextTaskId = 2
W/ContextImpl( 1070): Calling a method in the system process without a qualified user: android.app.ContextImpl.sendBroadcast:1055 com.android.server.am.ActivityStack.sendActivityStackChangedIntent:4890 com.android.server.am.ActivityStack.resumeTopActivityLocked:1732 com.android.server.am.ActivityStack.resumeTopActivityLocked:1471 com.android.server.am.ActivityStack.completePauseLocked:1212
W/ContextImpl( 1070): Calling a method in the system process without a qualified user: android.app.ContextImpl.sendBroadcast:1055 com.android.server.am.ActivityStack.resumeTopActivityLocked:1799 com.android.server.am.ActivityStack.resumeTopActivityLocked:1471 com.android.server.am.ActivityStack.completePauseLocked:1212 com.android.server.am.ActivityStack.activityPaused:1109

E:\prAndro\Imgui_Android>
