I/ActivityManager( 1070): Start proc com.android.keychain for broadcast com.android.keychain/.KeyChainBroadcastReceiver: pid=17902 uid=1000 gids={41000, 3002, 3001, 3003, 1015, 1028, 3005, 1021, 3004, 1000, 3009, 1023, 1010, 1007, 3006, 3007}
W/ContextImpl(17902): Calling a method in the system process without a qualified user: android.app.ContextImpl.startService:1398 android.content.ContextWrapper.startService:473 android.content.ContextWrapper.startService:473 com.android.keychain.KeyChainBroadcastReceiver.onReceive:12 android.app.ActivityThread.handleReceiver:2446
D/dalvikvm( 1070): GC_EXPLICIT freed 1303K, 37% free 26593K/42156K, paused 4ms+11ms, total 125ms
D/dalvikvm(17862): GC_CONCURRENT freed 92K, 17% free 490K/584K, paused 1ms+0ms, total 3ms
I/ActivityManager( 1070): Start proc cn.nubia.quicksearchbox for broadcast cn.nubia.quicksearchbox/.CorporaUpdateReceiver: pid=17918 uid=10001 gids={50001, 3003, 1015, 1028, 1023}
W/ContextImpl( 1070): Calling a method in the system process without a qualified user: android.app.ContextImpl.sendBroadcast:1055 com.android.server.am.ActivityStack.activityPaused:1106 com.android.server.am.ActivityManagerService.activityPaused:4576 android.app.ActivityManagerNative.onTransact:422 com.android.server.am.ActivityManagerService.onTransact:1747
D/dalvikvm( 1070): GC_FOR_ALLOC freed 1982K, 29% free 30222K/42156K, paused 107ms, total 113ms
W/ContextImpl( 1070): Calling a method in the system process without a qualified user: android.app.ContextImpl.sendBroadcast:1055 cn.nubia.notification.CardNotificationMonitor.updateBaseTime:144 cn.nubia.notification.CardNotificationMonitor.handleUpdateCardList:121 cn.nubia.notification.CardNotificationHostView.clearAllCardTips:249 cn.nubia.lockscreen.LockScreenViewGroup.clearCardTips:162
W/ContextImpl( 1070): Calling a method in the system process without a qualified user: android.app.ContextImpl.sendBroadcast:1055 com.android.server.am.ActivityStack.resumeTopActivityLocked:1799 com.android.server.am.ActivityStack.resumeTopActivityLocked:1471 com.android.server.am.ActivityManagerService.comeOutOfSleepIfNeededLocked:7307 com.android.server.am.ActivityManagerService.setLockScreenShown:7339
D/dalvikvm( 1283): GC_EXPLICIT freed 550K, 51% free 5484K/11056K, paused 2ms+7ms, total 70ms
D/dalvikvm(10328): GC_EXPLICIT freed 1277K, 73% free 3022K/11056K, paused 1ms+4ms, total 36ms
I/ActivityManager( 1070): START u0 {act=android.intent.action.MAIN cat=[android.intent.category.LAUNCHER] flg=0x10200000 cmp=me.sfalexrog.imguidemo/.DemoActivity bnds=[360,693][530,873]} from pid 1308
W/ContextImpl( 1070): Calling a method in the system process without a qualified user: android.app.ContextImpl.sendBroadcast:1055 com.android.server.am.ActivityStack.activityPaused:1106 com.android.server.am.ActivityManagerService.activityPaused:4576 android.app.ActivityManagerNative.onTransact:422 com.android.server.am.ActivityManagerService.onTransact:1747
D/dalvikvm(18087): Late-enabling CheckJNI
I/ActivityManager( 1070): Start proc me.sfalexrog.imguidemo for activity me.sfalexrog.imguidemo/.DemoActivity: pid=18087 uid=10075 gids={50075, 1028}
W/ContextImpl( 1070): Calling a method in the system process without a qualified user: android.app.ContextImpl.sendBroadcast:1055 com.android.server.am.ActivityStack.realStartActivityLocked:782 com.android.server.am.ActivityManagerService.attachApplicationLocked:4370 com.android.server.am.ActivityManagerService.attachApplication:4434 android.app.ActivityManagerNative.onTransact:390
W/ActivityManager( 1070): THREE_FINGER_SLIDE ActivityStack realStartActivityLocked call sendApkLanuchIntent rId = 42
W/ActivityManager( 1070): THREE_FINGER_SLIDE ActivityStack realStartActivityLocked call sendApkLanuchIntent LastPausedId = 2
E/ActivityManager( 1070): THREE_FINGER_SLIDE ActivityStack sendActivityStackChangedIntent begin mMoveTaskFlag = 0
W/ContextImpl( 1070): Calling a method in the system process without a qualified user: android.app.ContextImpl.sendBroadcast:1055 com.android.server.am.ActivityStack.sendActivityStackChangedIntent:4890 com.android.server.am.ActivityStack.realStartActivityLocked:801 com.android.server.am.ActivityManagerService.attachApplicationLocked:4370 com.android.server.am.ActivityManagerService.attachApplication:4434
V/SDL     (18087): Device: N9180
V/SDL     (18087): Model: N9180
V/SDL     (18087): onCreate(): null
D/dalvikvm(18087): Trying to load lib /data/app-lib/me.sfalexrog.imguidemo-1/libdemo.so 0x418cbe00
D/dalvikvm(18087): Added shared lib /data/app-lib/me.sfalexrog.imguidemo-1/libdemo.so 0x418cbe00
I/javaImSDL(18087): onCreate - API Level 18
V/javaImSDL(18087): Copying assets to accessible locations
V/javaImSDL(18087): Copying bump.jpg
V/javaImSDL(18087): Copying skybox-negx.jpg
V/javaImSDL(18087): Copying skybox-negy.jpg
V/javaImSDL(18087): Copying skybox-negz.jpg
V/javaImSDL(18087): Copying skybox-posx.jpg
V/javaImSDL(18087): Copying skybox-posy.jpg
V/javaImSDL(18087): Copying skybox-posz.jpg
V/javaImSDL(18087): Copying Roboto-Medium.ttf
I/javaImSDL(18087): onStart
V/SDL     (18087): onResume()
I/javaImSDL(18087): onResume
D/libEGL  (18087): loaded /vendor/lib/egl/libEGL_adreno.so
D/libEGL  (18087): loaded /vendor/lib/egl/libGLESv1_CM_adreno.so
D/libEGL  (18087): loaded /vendor/lib/egl/libGLESv2_adreno.so
I/Adreno-EGL(18087): <qeglDrvAPI_eglInitialize:381>: EGL 1.4 QUALCOMM build: AU_LINUX_ANDROID_JB_3.2.1_RB4.04.03.00.172.067_msm8226_JB_3.2.1_RB4__release_AU ()
I/Adreno-EGL(18087): OpenGL ES Shader Compiler Version: 20.00.03
I/Adreno-EGL(18087): Build Date: 02/26/14 Wed
I/Adreno-EGL(18087): Local Branch:
I/Adreno-EGL(18087): Remote Branch: quic/jb_3.2.1_rb4.6
I/Adreno-EGL(18087): Local Patches: NONE
I/Adreno-EGL(18087): Reconstruct Branch: AU_LINUX_ANDROID_JB_3.2.1_RB4.04.03.00.172.067 +  NOTHING
D/OpenGLRenderer(18087): Enabling debug mode 0
V/SDL     (18087): surfaceCreated()
V/SDL     (18087): surfaceChanged()
V/SDL     (18087): pixel format RGB_565
V/SDL     (18087): Window size: 720x1230
I/SDL     (18087): SDL_Android_Init()
I/SDL     (18087): SDL_Android_Init() finished!
V/SDL     (18087): nativeResume()
I/cppImSDL(18087): Got file: .
I/cppImSDL(18087): Got file: ..
I/cppImSDL(18087): Got file: Roboto-Medium.ttf
I/cppImSDL(18087): Got file: bump.jpg
I/cppImSDL(18087): Got file: imgui.ini
I/cppImSDL(18087): Got file: skybox-negx.jpg
I/cppImSDL(18087): Got file: skybox-negy.jpg
I/cppImSDL(18087): Got file: skybox-negz.jpg
I/cppImSDL(18087): Got file: skybox-posx.jpg
I/cppImSDL(18087): Got file: skybox-posy.jpg
I/cppImSDL(18087): Got file: skybox-posz.jpg
I/cppImSDL(18087): Creating SDL_Window
E/libEGL  (18087): validate_display:257 error 3008 (EGL_BAD_DISPLAY)
V/SDL     (18087): setOrientation() orientation=-1 width=1280 height=800 resizable=true hint=
V/SDL     (18087): onWindowFocusChanged(): true
I/ActivityManager( 1070): Displayed me.sfalexrog.imguidemo/.DemoActivity: +293ms
I/cppImSDL(18087): Got context: 2.0es, R5G6B5A0, depth bits: 16
I/cppImSDL(18087): Initializing ImGui for GLES2
I/cppImSDL(18087): Setting processEvent and newFrame functions appropriately
I/cppImSDL(18087): Finished initialization
I/cppImSDL(18087): Entering main loop
I/cppImSDL(18087): after SDL_Clearing
I/cppImSDL(18087): after SDL_Clearing
I/cppImSDL(18087): after SDL_Clearing
I/cppImSDL(18087): after SDL_Clearing
I/cppImSDL(18087): after SDL_Clearing
I/cppImSDL(18087): after SDL_Clearing
I/cppImSDL(18087): after SDL_Clearing
I/cppImSDL(18087): after SDL_Clearing
I/cppImSDL(18087): after SDL_Clearing
I/cppImSDL(18087): after SDL_Clearing
I/cppImSDL(18087): after SDL_Clearing
I/cppImSDL(18087): after SDL_Clearing
I/cppImSDL(18087): after SDL_Clearing
I/cppImSDL(18087): after SDL_Clearing
I/cppImSDL(18087): after SDL_Clearing
I/cppImSDL(18087): after SDL_Clearing
I/cppImSDL(18087): after SDL_Clearing
I/cppImSDL(18087): after SDL_Clearing
I/cppImSDL(18087): after SDL_Clearing
I/cppImSDL(18087): after SDL_Clearing
I/cppImSDL(18087): after SDL_Clearing
I/cppImSDL(18087): after SDL_Clearing
I/cppImSDL(18087): after SDL_Clearing
I/cppImSDL(18087): after SDL_Clearing
I/cppImSDL(18087): after SDL_Clearing
I/cppImSDL(18087): after SDL_Clearing
I/cppImSDL(18087): after SDL_Clearing
I/cppImSDL(18087): after SDL_Clearing
I/cppImSDL(18087): after SDL_Clearing
I/cppImSDL(18087): after SDL_Clearing
I/cppImSDL(18087): after SDL_Clearing
I/cppImSDL(18087): after SDL_Clearing
I/cppImSDL(18087): after SDL_Clearing
I/cppImSDL(18087): after SDL_Clearing
I/cppImSDL(18087): after SDL_Clearing
I/cppImSDL(18087): after SDL_Clearing
I/cppImSDL(18087): after SDL_Clearing
I/cppImSDL(18087): after SDL_Clearing
I/cppImSDL(18087): after SDL_Clearing
I/cppImSDL(18087): after SDL_Clearing
I/cppImSDL(18087): after SDL_Clearing
I/cppImSDL(18087): after SDL_Clearing
I/cppImSDL(18087): after SDL_Clearing
I/cppImSDL(18087): after SDL_Clearing
I/cppImSDL(18087): after SDL_Clearing
I/cppImSDL(18087): after SDL_Clearing
I/cppImSDL(18087): after SDL_Clearing
I/cppImSDL(18087): after SDL_Clearing
I/cppImSDL(18087): after SDL_Clearing
I/cppImSDL(18087): after SDL_Clearing
I/cppImSDL(18087): after SDL_Clearing
I/cppImSDL(18087): after SDL_Clearing
I/cppImSDL(18087): after SDL_Clearing
I/cppImSDL(18087): after SDL_Clearing
I/cppImSDL(18087): after SDL_Clearing
I/cppImSDL(18087): after SDL_Clearing
I/cppImSDL(18087): after SDL_Clearing
I/cppImSDL(18087): after SDL_Clearing
I/cppImSDL(18087): after SDL_Clearing
I/cppImSDL(18087): after SDL_Clearing
I/cppImSDL(18087): after SDL_Clearing
I/cppImSDL(18087): after SDL_Clearing
I/cppImSDL(18087): after SDL_Clearing
I/cppImSDL(18087): after SDL_Clearing
I/cppImSDL(18087): after SDL_Clearing
I/cppImSDL(18087): after SDL_Clearing
I/cppImSDL(18087): after SDL_Clearing
I/cppImSDL(18087): after SDL_Clearing
I/cppImSDL(18087): after SDL_Clearing
I/cppImSDL(18087): after SDL_Clearing
I/cppImSDL(18087): after SDL_Clearing
I/cppImSDL(18087): after SDL_Clearing
I/cppImSDL(18087): after SDL_Clearing
I/cppImSDL(18087): after SDL_Clearing
I/cppImSDL(18087): after SDL_Clearing
I/cppImSDL(18087): after SDL_Clearing
I/cppImSDL(18087): after SDL_Clearing
I/cppImSDL(18087): after SDL_Clearing
I/cppImSDL(18087): after SDL_Clearing
I/cppImSDL(18087): after SDL_Clearing
I/cppImSDL(18087): after SDL_Clearing
I/cppImSDL(18087): after SDL_Clearing
I/cppImSDL(18087): after SDL_Clearing
I/cppImSDL(18087): after SDL_Clearing
I/cppImSDL(18087): after SDL_Clearing
I/cppImSDL(18087): after SDL_Clearing
I/cppImSDL(18087): after SDL_Clearing
I/cppImSDL(18087): after SDL_Clearing
I/cppImSDL(18087): after SDL_Clearing
I/cppImSDL(18087): after SDL_Clearing
I/cppImSDL(18087): after SDL_Clearing
I/cppImSDL(18087): after SDL_Clearing
I/cppImSDL(18087): after SDL_Clearing
I/cppImSDL(18087): after SDL_Clearing
I/cppImSDL(18087): after SDL_Clearing
I/cppImSDL(18087): after SDL_Clearing
I/cppImSDL(18087): after SDL_Clearing
I/cppImSDL(18087): after SDL_Clearing
I/cppImSDL(18087): after SDL_Clearing
I/cppImSDL(18087): after SDL_Clearing
I/cppImSDL(18087): after SDL_Clearing
I/cppImSDL(18087): after SDL_Clearing
I/cppImSDL(18087): after SDL_Clearing
I/cppImSDL(18087): after SDL_Clearing
I/cppImSDL(18087): after SDL_Clearing
I/cppImSDL(18087): after SDL_Clearing
I/cppImSDL(18087): after SDL_Clearing
I/cppImSDL(18087): after SDL_Clearing
I/cppImSDL(18087): after SDL_Clearing
I/cppImSDL(18087): after SDL_Clearing
I/cppImSDL(18087): after SDL_Clearing
I/cppImSDL(18087): after SDL_Clearing
I/cppImSDL(18087): after SDL_Clearing
I/cppImSDL(18087): after SDL_Clearing
I/cppImSDL(18087): after SDL_Clearing
I/cppImSDL(18087): after SDL_Clearing
I/cppImSDL(18087): after SDL_Clearing
I/cppImSDL(18087): after SDL_Clearing
I/cppImSDL(18087): after SDL_Clearing
I/cppImSDL(18087): after SDL_Clearing
I/cppImSDL(18087): after SDL_Clearing
I/cppImSDL(18087): after SDL_Clearing
I/cppImSDL(18087): after SDL_Clearing
I/cppImSDL(18087): after SDL_Clearing
I/cppImSDL(18087): after SDL_Clearing
I/cppImSDL(18087): after SDL_Clearing
I/cppImSDL(18087): after SDL_Clearing
I/cppImSDL(18087): after SDL_Clearing
I/cppImSDL(18087): after SDL_Clearing
I/cppImSDL(18087): after SDL_Clearing
I/cppImSDL(18087): after SDL_Clearing
I/cppImSDL(18087): after SDL_Clearing
I/cppImSDL(18087): after SDL_Clearing
I/cppImSDL(18087): after SDL_Clearing
I/cppImSDL(18087): after SDL_Clearing
I/cppImSDL(18087): after SDL_Clearing
I/cppImSDL(18087): after SDL_Clearing
I/cppImSDL(18087): after SDL_Clearing
I/cppImSDL(18087): after SDL_Clearing
I/cppImSDL(18087): after SDL_Clearing
I/cppImSDL(18087): after SDL_Clearing
I/cppImSDL(18087): after SDL_Clearing
I/cppImSDL(18087): after SDL_Clearing
I/cppImSDL(18087): after SDL_Clearing
I/cppImSDL(18087): after SDL_Clearing
I/cppImSDL(18087): after SDL_Clearing
I/cppImSDL(18087): after SDL_Clearing
I/cppImSDL(18087): after SDL_Clearing
I/cppImSDL(18087): after SDL_Clearing
I/cppImSDL(18087): after SDL_Clearing
I/cppImSDL(18087): after SDL_Clearing
I/cppImSDL(18087): after SDL_Clearing
I/cppImSDL(18087): after SDL_Clearing
I/cppImSDL(18087): after SDL_Clearing
I/cppImSDL(18087): after SDL_Clearing
I/cppImSDL(18087): after SDL_Clearing
I/cppImSDL(18087): after SDL_Clearing
I/cppImSDL(18087): after SDL_Clearing
I/cppImSDL(18087): after SDL_Clearing
I/cppImSDL(18087): after SDL_Clearing
I/cppImSDL(18087): after SDL_Clearing
I/cppImSDL(18087): after SDL_Clearing
I/cppImSDL(18087): after SDL_Clearing
I/cppImSDL(18087): after SDL_Clearing
I/cppImSDL(18087): after SDL_Clearing
I/cppImSDL(18087): after SDL_Clearing
I/cppImSDL(18087): after SDL_Clearing
I/cppImSDL(18087): after SDL_Clearing
I/cppImSDL(18087): after SDL_Clearing
I/cppImSDL(18087): after SDL_Clearing
I/cppImSDL(18087): after SDL_Clearing
I/cppImSDL(18087): after SDL_Clearing
I/cppImSDL(18087): after SDL_Clearing
I/cppImSDL(18087): after SDL_Clearing
I/cppImSDL(18087): after SDL_Clearing
I/cppImSDL(18087): after SDL_Clearing
I/cppImSDL(18087): after SDL_Clearing
I/cppImSDL(18087): after SDL_Clearing
I/cppImSDL(18087): after SDL_Clearing
I/cppImSDL(18087): after SDL_Clearing
I/cppImSDL(18087): after SDL_Clearing
I/cppImSDL(18087): after SDL_Clearing
I/cppImSDL(18087): after SDL_Clearing
I/cppImSDL(18087): after SDL_Clearing
I/cppImSDL(18087): after SDL_Clearing
I/cppImSDL(18087): after SDL_Clearing
I/cppImSDL(18087): after SDL_Clearing
I/cppImSDL(18087): after SDL_Clearing
I/cppImSDL(18087): after SDL_Clearing
I/cppImSDL(18087): after SDL_Clearing
I/cppImSDL(18087): after SDL_Clearing
I/cppImSDL(18087): after SDL_Clearing
I/cppImSDL(18087): after SDL_Clearing
I/cppImSDL(18087): after SDL_Clearing
I/cppImSDL(18087): after SDL_Clearing
I/cppImSDL(18087): after SDL_Clearing
I/cppImSDL(18087): after SDL_Clearing
I/cppImSDL(18087): after SDL_Clearing
I/cppImSDL(18087): after SDL_Clearing
I/cppImSDL(18087): after SDL_Clearing
I/cppImSDL(18087): after SDL_Clearing
I/cppImSDL(18087): after SDL_Clearing
I/cppImSDL(18087): after SDL_Clearing
I/cppImSDL(18087): after SDL_Clearing
I/cppImSDL(18087): after SDL_Clearing
I/cppImSDL(18087): after SDL_Clearing
I/cppImSDL(18087): after SDL_Clearing
I/cppImSDL(18087): after SDL_Clearing
D/dalvikvm( 1070): GC_FOR_ALLOC freed 9133K, 42% free 26536K/45616K, paused 78ms, total 82ms
I/cppImSDL(18087): after SDL_Clearing
I/cppImSDL(18087): after SDL_Clearing
I/cppImSDL(18087): after SDL_Clearing
I/cppImSDL(18087): after SDL_Clearing
I/cppImSDL(18087): after SDL_Clearing
I/ActivityManager( 1070): START u0 {act=android.intent.action.MAIN cat=[android.intent.category.HOME] flg=0x10200000 cmp=cn.nubia.launcher/com.android.launcher2.Launcher} from pid 1070
V/SDL     (18087): onPause()
V/SDL     (18087): nativePause()
I/cppImSDL(18087): SDL_APP_will-enter-Back-ground
I/cppImSDL(18087): SDL_APP_done-enter-Back-ground
I/javaImSDL(18087): onPause
I/cppImSDL(18087): after SDL_Clearing
W/ContextImpl( 1070): Calling a method in the system process without a qualified user: android.app.ContextImpl.sendBroadcast:1055 com.android.server.am.ActivityStack.activityPaused:1106 com.android.server.am.ActivityManagerService.activityPaused:4576 android.app.ActivityManagerNative.onTransact:422 com.android.server.am.ActivityManagerService.onTransact:1747
E/ActivityManager( 1070): THREE_FINGER_SLIDE ActivityStack sendActivityStackChangedIntent begin mMoveTaskFlag = 0
V/SDL     (18087): onWindowFocusChanged(): false
V/ActivityManager( 1070): THREE_FINGER_SLIDE ActivityStack resumeTopActivityLocked 222 prevTaskId = 42
V/ActivityManager( 1070): THREE_FINGER_SLIDE ActivityStack resumeTopActivityLocked 222 nextTaskId = 2
W/ContextImpl( 1070): Calling a method in the system process without a qualified user: android.app.ContextImpl.sendBroadcast:1055 com.android.server.am.ActivityStack.sendActivityStackChangedIntent:4890 com.android.server.am.ActivityStack.resumeTopActivityLocked:1732 com.android.server.am.ActivityStack.resumeTopActivityLocked:1471 com.android.server.am.ActivityStack.completePauseLocked:1212
W/ContextImpl( 1070): Calling a method in the system process without a qualified user: android.app.ContextImpl.sendBroadcast:1055 com.android.server.am.ActivityStack.resumeTopActivityLocked:1799 com.android.server.am.ActivityStack.resumeTopActivityLocked:1471 com.android.server.am.ActivityStack.completePauseLocked:1212 com.android.server.am.ActivityStack.activityPaused:1109
V/SDL     (18087): surfaceDestroyed()
I/javaImSDL(18087): onStop
I/ActivityManager( 1070): START u0 {act=android.intent.action.MAIN cat=[android.intent.category.LAUNCHER] flg=0x10200000 cmp=me.sfalexrog.imguidemo/.DemoActivity bnds=[360,693][530,873]} from pid 1308
E/ActivityManager( 1070): THREE_FINGER_SLIDE ActivityStack sendActivityStackChangedIntent begin mMoveTaskFlag = 0
W/ContextImpl( 1070): Calling a method in the system process without a qualified user: android.app.ContextImpl.sendBroadcast:1055 com.android.server.am.ActivityStack.activityPaused:1106 com.android.server.am.ActivityManagerService.activityPaused:4576 android.app.ActivityManagerNative.onTransact:422 com.android.server.am.ActivityManagerService.onTransact:1747
V/ActivityManager( 1070): THREE_FINGER_SLIDE ActivityStack resumeTopActivityLocked 222 prevTaskId = 2
V/ActivityManager( 1070): THREE_FINGER_SLIDE ActivityStack resumeTopActivityLocked 222 nextTaskId = 42
W/ContextImpl( 1070): Calling a method in the system process without a qualified user: android.app.ContextImpl.sendBroadcast:1055 com.android.server.am.ActivityStack.sendActivityStackChangedIntent:4890 com.android.server.am.ActivityStack.resumeTopActivityLocked:1732 com.android.server.am.ActivityStack.resumeTopActivityLocked:1471 com.android.server.am.ActivityStack.completePauseLocked:1212
W/ContextImpl( 1070): Calling a method in the system process without a qualified user: android.app.ContextImpl.sendBroadcast:1055 com.android.server.am.ActivityStack.resumeTopActivityLocked:1799 com.android.server.am.ActivityStack.resumeTopActivityLocked:1471 com.android.server.am.ActivityStack.completePauseLocked:1212 com.android.server.am.ActivityStack.activityPaused:1109
I/javaImSDL(18087): onRestart
I/javaImSDL(18087): onStart
V/SDL     (18087): onResume()
I/javaImSDL(18087): onResume
V/SDL     (18087): surfaceCreated()
V/SDL     (18087): surfaceChanged()
V/SDL     (18087): pixel format RGB_565
V/SDL     (18087): Window size: 720x1230
V/SDL     (18087): onWindowFocusChanged(): true
V/SDL     (18087): nativeResume()
W/Adreno-EGL(18087): <qeglDrvAPI_eglMakeCurrent:2980>: EGL_BAD_MATCH
E/libEGL  (18087): eglMakeCurrent:671 error 3009 (EGL_BAD_MATCH)
I/cppImSDL(18087): SDL_APP_will-enter-Fore-ground
I/cppImSDL(18087): SDL_APP_done-enter-Fore-ground
I/cppImSDL(18087): after SDL_Clearing
I/cppImSDL(18087): after SDL_Clearing
I/cppImSDL(18087): after SDL_Clearing
I/cppImSDL(18087): after SDL_Clearing
I/cppImSDL(18087): after SDL_Clearing
I/cppImSDL(18087): after SDL_Clearing
I/cppImSDL(18087): after SDL_Clearing
I/cppImSDL(18087): after SDL_Clearing
I/cppImSDL(18087): after SDL_Clearing
I/cppImSDL(18087): after SDL_Clearing
I/cppImSDL(18087): after SDL_Clearing
I/cppImSDL(18087): after SDL_Clearing
I/cppImSDL(18087): after SDL_Clearing
I/cppImSDL(18087): after SDL_Clearing
I/cppImSDL(18087): after SDL_Clearing
I/cppImSDL(18087): after SDL_Clearing
I/cppImSDL(18087): after SDL_Clearing
I/cppImSDL(18087): after SDL_Clearing
I/cppImSDL(18087): after SDL_Clearing
I/cppImSDL(18087): after SDL_Clearing
I/cppImSDL(18087): after SDL_Clearing
I/cppImSDL(18087): after SDL_Clearing
I/cppImSDL(18087): after SDL_Clearing
I/cppImSDL(18087): after SDL_Clearing
I/cppImSDL(18087): after SDL_Clearing
I/cppImSDL(18087): after SDL_Clearing
I/cppImSDL(18087): after SDL_Clearing
I/cppImSDL(18087): after SDL_Clearing
I/cppImSDL(18087): after SDL_Clearing
I/cppImSDL(18087): after SDL_Clearing
I/cppImSDL(18087): after SDL_Clearing
I/cppImSDL(18087): after SDL_Clearing
I/cppImSDL(18087): after SDL_Clearing
I/cppImSDL(18087): after SDL_Clearing
I/cppImSDL(18087): after SDL_Clearing
I/cppImSDL(18087): after SDL_Clearing
I/cppImSDL(18087): after SDL_Clearing
I/cppImSDL(18087): after SDL_Clearing
I/cppImSDL(18087): after SDL_Clearing
I/cppImSDL(18087): after SDL_Clearing
I/cppImSDL(18087): after SDL_Clearing
I/cppImSDL(18087): after SDL_Clearing
I/cppImSDL(18087): after SDL_Clearing
I/cppImSDL(18087): after SDL_Clearing
I/cppImSDL(18087): after SDL_Clearing
I/cppImSDL(18087): after SDL_Clearing
I/cppImSDL(18087): after SDL_Clearing
I/cppImSDL(18087): after SDL_Clearing
I/cppImSDL(18087): after SDL_Clearing
I/cppImSDL(18087): after SDL_Clearing
I/cppImSDL(18087): after SDL_Clearing
I/cppImSDL(18087): after SDL_Clearing
I/cppImSDL(18087): after SDL_Clearing
I/cppImSDL(18087): after SDL_Clearing
I/cppImSDL(18087): after SDL_Clearing
I/cppImSDL(18087): after SDL_Clearing
I/cppImSDL(18087): after SDL_Clearing
I/cppImSDL(18087): after SDL_Clearing
I/cppImSDL(18087): after SDL_Clearing
I/cppImSDL(18087): after SDL_Clearing
I/cppImSDL(18087): after SDL_Clearing
I/cppImSDL(18087): after SDL_Clearing
I/cppImSDL(18087): after SDL_Clearing
I/cppImSDL(18087): after SDL_Clearing
I/cppImSDL(18087): after SDL_Clearing
I/cppImSDL(18087): after SDL_Clearing
I/cppImSDL(18087): after SDL_Clearing
I/cppImSDL(18087): after SDL_Clearing
I/cppImSDL(18087): after SDL_Clearing
I/cppImSDL(18087): after SDL_Clearing
I/cppImSDL(18087): after SDL_Clearing
I/cppImSDL(18087): after SDL_Clearing
I/cppImSDL(18087): after SDL_Clearing
I/cppImSDL(18087): after SDL_Clearing
I/cppImSDL(18087): after SDL_Clearing
I/cppImSDL(18087): after SDL_Clearing
I/cppImSDL(18087): after SDL_Clearing
I/cppImSDL(18087): after SDL_Clearing
I/cppImSDL(18087): after SDL_Clearing
I/cppImSDL(18087): after SDL_Clearing
I/cppImSDL(18087): after SDL_Clearing
I/cppImSDL(18087): after SDL_Clearing
I/cppImSDL(18087): after SDL_Clearing
I/cppImSDL(18087): after SDL_Clearing
I/cppImSDL(18087): after SDL_Clearing
I/cppImSDL(18087): after SDL_Clearing
I/cppImSDL(18087): after SDL_Clearing
I/cppImSDL(18087): after SDL_Clearing
I/cppImSDL(18087): after SDL_Clearing
I/cppImSDL(18087): after SDL_Clearing
I/cppImSDL(18087): after SDL_Clearing
I/cppImSDL(18087): after SDL_Clearing
I/cppImSDL(18087): after SDL_Clearing
I/cppImSDL(18087): after SDL_Clearing
I/cppImSDL(18087): after SDL_Clearing
I/cppImSDL(18087): after SDL_Clearing
I/cppImSDL(18087): after SDL_Clearing
I/cppImSDL(18087): after SDL_Clearing
I/cppImSDL(18087): after SDL_Clearing
I/cppImSDL(18087): after SDL_Clearing
I/cppImSDL(18087): after SDL_Clearing
I/cppImSDL(18087): after SDL_Clearing
I/cppImSDL(18087): after SDL_Clearing
I/cppImSDL(18087): after SDL_Clearing
I/cppImSDL(18087): after SDL_Clearing
I/cppImSDL(18087): after SDL_Clearing
I/cppImSDL(18087): after SDL_Clearing
I/cppImSDL(18087): after SDL_Clearing
I/cppImSDL(18087): after SDL_Clearing
I/cppImSDL(18087): after SDL_Clearing
I/cppImSDL(18087): after SDL_Clearing
I/cppImSDL(18087): after SDL_Clearing
I/cppImSDL(18087): after SDL_Clearing
I/cppImSDL(18087): after SDL_Clearing
I/cppImSDL(18087): after SDL_Clearing
I/cppImSDL(18087): after SDL_Clearing
I/cppImSDL(18087): after SDL_Clearing
I/cppImSDL(18087): after SDL_Clearing
I/cppImSDL(18087): after SDL_Clearing
I/cppImSDL(18087): after SDL_Clearing
I/cppImSDL(18087): after SDL_Clearing
I/cppImSDL(18087): after SDL_Clearing
I/cppImSDL(18087): after SDL_Clearing
I/cppImSDL(18087): after SDL_Clearing
I/cppImSDL(18087): after SDL_Clearing
I/cppImSDL(18087): after SDL_Clearing
I/cppImSDL(18087): after SDL_Clearing
I/cppImSDL(18087): after SDL_Clearing
I/cppImSDL(18087): after SDL_Clearing
I/cppImSDL(18087): after SDL_Clearing
I/cppImSDL(18087): after SDL_Clearing
I/cppImSDL(18087): after SDL_Clearing
I/cppImSDL(18087): after SDL_Clearing
I/cppImSDL(18087): after SDL_Clearing
I/cppImSDL(18087): after SDL_Clearing
I/cppImSDL(18087): after SDL_Clearing
I/cppImSDL(18087): after SDL_Clearing
I/cppImSDL(18087): after SDL_Clearing
I/cppImSDL(18087): after SDL_Clearing
I/cppImSDL(18087): after SDL_Clearing
I/cppImSDL(18087): after SDL_Clearing
I/cppImSDL(18087): after SDL_Clearing
I/cppImSDL(18087): after SDL_Clearing
I/cppImSDL(18087): after SDL_Clearing
I/cppImSDL(18087): after SDL_Clearing
I/cppImSDL(18087): after SDL_Clearing
I/cppImSDL(18087): after SDL_Clearing
I/cppImSDL(18087): after SDL_Clearing
I/cppImSDL(18087): after SDL_Clearing
I/cppImSDL(18087): after SDL_Clearing
I/cppImSDL(18087): after SDL_Clearing
I/cppImSDL(18087): after SDL_Clearing
I/cppImSDL(18087): after SDL_Clearing
I/cppImSDL(18087): after SDL_Clearing
I/cppImSDL(18087): after SDL_Clearing
I/cppImSDL(18087): after SDL_Clearing
I/cppImSDL(18087): after SDL_Clearing
I/cppImSDL(18087): after SDL_Clearing
I/cppImSDL(18087): after SDL_Clearing
I/cppImSDL(18087): after SDL_Clearing
I/cppImSDL(18087): after SDL_Clearing
I/cppImSDL(18087): after SDL_Clearing
I/cppImSDL(18087): after SDL_Clearing
I/cppImSDL(18087): after SDL_Clearing
I/cppImSDL(18087): after SDL_Clearing
I/cppImSDL(18087): after SDL_Clearing
I/cppImSDL(18087): after SDL_Clearing
I/cppImSDL(18087): after SDL_Clearing
I/cppImSDL(18087): after SDL_Clearing
I/cppImSDL(18087): after SDL_Clearing
I/cppImSDL(18087): after SDL_Clearing
I/cppImSDL(18087): after SDL_Clearing
I/cppImSDL(18087): after SDL_Clearing
I/cppImSDL(18087): after SDL_Clearing
I/cppImSDL(18087): after SDL_Clearing
I/cppImSDL(18087): after SDL_Clearing
I/cppImSDL(18087): after SDL_Clearing
I/cppImSDL(18087): after SDL_Clearing
I/cppImSDL(18087): after SDL_Clearing
I/cppImSDL(18087): after SDL_Clearing
I/cppImSDL(18087): after SDL_Clearing
I/cppImSDL(18087): after SDL_Clearing
I/cppImSDL(18087): after SDL_Clearing
I/cppImSDL(18087): after SDL_Clearing
I/cppImSDL(18087): after SDL_Clearing
I/cppImSDL(18087): after SDL_Clearing
I/cppImSDL(18087): after SDL_Clearing
I/cppImSDL(18087): after SDL_Clearing
I/cppImSDL(18087): after SDL_Clearing
I/cppImSDL(18087): after SDL_Clearing
I/cppImSDL(18087): after SDL_Clearing
I/cppImSDL(18087): after SDL_Clearing
I/cppImSDL(18087): after SDL_Clearing
I/cppImSDL(18087): after SDL_Clearing
I/cppImSDL(18087): after SDL_Clearing
I/cppImSDL(18087): after SDL_Clearing
I/cppImSDL(18087): after SDL_Clearing
I/cppImSDL(18087): after SDL_Clearing
I/cppImSDL(18087): after SDL_Clearing
I/cppImSDL(18087): after SDL_Clearing
I/cppImSDL(18087): after SDL_Clearing
I/cppImSDL(18087): after SDL_Clearing
I/cppImSDL(18087): after SDL_Clearing
I/cppImSDL(18087): after SDL_Clearing
I/cppImSDL(18087): after SDL_Clearing
I/cppImSDL(18087): after SDL_Clearing
I/cppImSDL(18087): after SDL_Clearing
I/cppImSDL(18087): after SDL_Clearing
I/cppImSDL(18087): after SDL_Clearing
I/cppImSDL(18087): after SDL_Clearing
I/cppImSDL(18087): after SDL_Clearing
I/cppImSDL(18087): after SDL_Clearing
I/cppImSDL(18087): after SDL_Clearing
I/cppImSDL(18087): after SDL_Clearing
I/cppImSDL(18087): after SDL_Clearing
I/cppImSDL(18087): after SDL_Clearing
I/cppImSDL(18087): after SDL_Clearing
I/cppImSDL(18087): after SDL_Clearing
I/cppImSDL(18087): after SDL_Clearing
I/cppImSDL(18087): after SDL_Clearing
I/cppImSDL(18087): after SDL_Clearing
I/cppImSDL(18087): after SDL_Clearing
I/cppImSDL(18087): after SDL_Clearing
I/cppImSDL(18087): after SDL_Clearing
I/cppImSDL(18087): after SDL_Clearing
I/cppImSDL(18087): after SDL_Clearing
I/cppImSDL(18087): after SDL_Clearing
I/cppImSDL(18087): after SDL_Clearing
I/cppImSDL(18087): after SDL_Clearing
I/cppImSDL(18087): after SDL_Clearing
I/cppImSDL(18087): after SDL_Clearing
I/cppImSDL(18087): after SDL_Clearing
I/cppImSDL(18087): after SDL_Clearing
I/cppImSDL(18087): after SDL_Clearing
I/cppImSDL(18087): after SDL_Clearing
I/cppImSDL(18087): after SDL_Clearing
I/cppImSDL(18087): after SDL_Clearing
I/cppImSDL(18087): after SDL_Clearing
I/cppImSDL(18087): after SDL_Clearing
I/cppImSDL(18087): after SDL_Clearing
I/cppImSDL(18087): after SDL_Clearing
I/cppImSDL(18087): after SDL_Clearing
I/cppImSDL(18087): after SDL_Clearing
I/cppImSDL(18087): after SDL_Clearing
I/cppImSDL(18087): after SDL_Clearing
I/cppImSDL(18087): after SDL_Clearing
I/cppImSDL(18087): after SDL_Clearing
I/cppImSDL(18087): after SDL_Clearing
I/cppImSDL(18087): after SDL_Clearing
I/cppImSDL(18087): after SDL_Clearing
I/cppImSDL(18087): after SDL_Clearing
I/cppImSDL(18087): after SDL_Clearing
I/cppImSDL(18087): after SDL_Clearing
I/cppImSDL(18087): after SDL_Clearing
I/cppImSDL(18087): after SDL_Clearing
I/cppImSDL(18087): after SDL_Clearing
I/cppImSDL(18087): after SDL_Clearing
I/cppImSDL(18087): after SDL_Clearing
I/cppImSDL(18087): after SDL_Clearing
I/cppImSDL(18087): after SDL_Clearing
I/cppImSDL(18087): after SDL_Clearing
I/cppImSDL(18087): after SDL_Clearing
I/cppImSDL(18087): after SDL_Clearing
I/cppImSDL(18087): after SDL_Clearing
I/cppImSDL(18087): after SDL_Clearing
I/cppImSDL(18087): after SDL_Clearing
I/cppImSDL(18087): after SDL_Clearing
I/cppImSDL(18087): after SDL_Clearing
I/cppImSDL(18087): after SDL_Clearing
I/cppImSDL(18087): after SDL_Clearing
I/cppImSDL(18087): after SDL_Clearing
I/cppImSDL(18087): after SDL_Clearing
I/cppImSDL(18087): after SDL_Clearing
I/cppImSDL(18087): after SDL_Clearing
I/cppImSDL(18087): after SDL_Clearing
I/cppImSDL(18087): after SDL_Clearing
I/cppImSDL(18087): after SDL_Clearing
I/cppImSDL(18087): after SDL_Clearing
I/cppImSDL(18087): after SDL_Clearing
I/cppImSDL(18087): after SDL_Clearing
I/cppImSDL(18087): after SDL_Clearing
I/cppImSDL(18087): after SDL_Clearing
I/cppImSDL(18087): after SDL_Clearing
I/cppImSDL(18087): after SDL_Clearing
I/cppImSDL(18087): after SDL_Clearing
I/cppImSDL(18087): after SDL_Clearing
I/cppImSDL(18087): after SDL_Clearing
I/cppImSDL(18087): after SDL_Clearing
I/cppImSDL(18087): after SDL_Clearing
I/cppImSDL(18087): after SDL_Clearing
I/cppImSDL(18087): after SDL_Clearing
I/cppImSDL(18087): after SDL_Clearing
I/cppImSDL(18087): after SDL_Clearing
I/cppImSDL(18087): after SDL_Clearing
I/cppImSDL(18087): after SDL_Clearing
I/cppImSDL(18087): after SDL_Clearing
I/cppImSDL(18087): after SDL_Clearing
I/cppImSDL(18087): after SDL_Clearing
I/cppImSDL(18087): after SDL_Clearing
I/cppImSDL(18087): after SDL_Clearing
I/cppImSDL(18087): after SDL_Clearing
I/cppImSDL(18087): after SDL_Clearing
I/cppImSDL(18087): after SDL_Clearing
I/cppImSDL(18087): after SDL_Clearing
I/cppImSDL(18087): after SDL_Clearing
I/cppImSDL(18087): after SDL_Clearing
I/cppImSDL(18087): after SDL_Clearing
I/cppImSDL(18087): after SDL_Clearing
I/cppImSDL(18087): after SDL_Clearing
I/cppImSDL(18087): after SDL_Clearing
I/cppImSDL(18087): after SDL_Clearing
I/cppImSDL(18087): after SDL_Clearing
I/cppImSDL(18087): after SDL_Clearing
I/cppImSDL(18087): after SDL_Clearing
I/cppImSDL(18087): after SDL_Clearing
I/cppImSDL(18087): after SDL_Clearing
I/cppImSDL(18087): after SDL_Clearing
I/cppImSDL(18087): after SDL_Clearing
I/cppImSDL(18087): after SDL_Clearing
I/cppImSDL(18087): after SDL_Clearing
I/cppImSDL(18087): after SDL_Clearing
I/cppImSDL(18087): after SDL_Clearing
D/dalvikvm( 1070): GC_FOR_ALLOC freed 5692K, 43% free 26289K/45616K, paused 69ms, total 70ms
I/cppImSDL(18087): after SDL_Clearing
I/cppImSDL(18087): after SDL_Clearing
I/ActivityManager( 1070): START u0 {act=android.intent.action.MAIN cat=[android.intent.category.HOME] flg=0x10200000 cmp=cn.nubia.launcher/com.android.launcher2.Launcher} from pid 1070
V/SDL     (18087): onPause()
V/SDL     (18087): nativePause()
I/javaImSDL(18087): onPause
W/ContextImpl( 1070): Calling a method in the system process without a qualified user: android.app.ContextImpl.sendBroadcast:1055 com.android.server.am.ActivityStack.activityPaused:1106 com.android.server.am.ActivityManagerService.activityPaused:4576 android.app.ActivityManagerNative.onTransact:422 com.android.server.am.ActivityManagerService.onTransact:1747
V/ActivityManager( 1070): THREE_FINGER_SLIDE ActivityStack resumeTopActivityLocked 222 prevTaskId = 42
E/ActivityManager( 1070): THREE_FINGER_SLIDE ActivityStack sendActivityStackChangedIntent begin mMoveTaskFlag = 0
I/cppImSDL(18087): SDL_APP_will-enter-Back-ground
I/cppImSDL(18087): SDL_APP_done-enter-Back-ground
I/cppImSDL(18087): after SDL_Clearing
V/ActivityManager( 1070): THREE_FINGER_SLIDE ActivityStack resumeTopActivityLocked 222 nextTaskId = 2
W/ContextImpl( 1070): Calling a method in the system process without a qualified user: android.app.ContextImpl.sendBroadcast:1055 com.android.server.am.ActivityStack.sendActivityStackChangedIntent:4890 com.android.server.am.ActivityStack.resumeTopActivityLocked:1732 com.android.server.am.ActivityStack.resumeTopActivityLocked:1471 com.android.server.am.ActivityStack.completePauseLocked:1212
W/ContextImpl( 1070): Calling a method in the system process without a qualified user: android.app.ContextImpl.sendBroadcast:1055 com.android.server.am.ActivityStack.resumeTopActivityLocked:1799 com.android.server.am.ActivityStack.resumeTopActivityLocked:1471 com.android.server.am.ActivityStack.completePauseLocked:1212 com.android.server.am.ActivityStack.activityPaused:1109
V/SDL     (18087): onWindowFocusChanged(): false
V/SDL     (18087): surfaceDestroyed()
I/javaImSDL(18087): onStop
D/dalvikvm( 1117): GC_FOR_ALLOC freed 7256K, 43% free 15060K/26032K, paused 16ms, total 16ms
I/ActivityManager( 1070): START u0 {act=com.android.systemui.nubiarecent.action.TOGGLE_RECENTS flg=0x10800000 cmp=com.android.systemui/.NubiaRecent.UserGuideActivity} from pid 1117
W/ActivityManager( 1070): THREE_FINGER_SLIDE ActivityStack realStartActivityLocked call sendApkLanuchIntent rId = 43
W/ActivityManager( 1070): THREE_FINGER_SLIDE ActivityStack realStartActivityLocked call sendApkLanuchIntent LastPausedId = 2
W/ContextImpl( 1070): Calling a method in the system process without a qualified user: android.app.ContextImpl.sendBroadcast:1055 com.android.server.am.ActivityStack.activityPaused:1106 com.android.server.am.ActivityManagerService.activityPaused:4576 android.app.ActivityManagerNative.onTransact:422 com.android.server.am.ActivityManagerService.onTransact:1747
W/ContextImpl( 1070): Calling a method in the system process without a qualified user: android.app.ContextImpl.sendBroadcast:1055 com.android.server.am.ActivityStack.realStartActivityLocked:782 com.android.server.am.ActivityStack.startSpecificActivityLocked:845 com.android.server.am.ActivityStack.resumeTopActivityLocked:1865 com.android.server.am.ActivityStack.resumeTopActivityLocked:1471
E/ActivityManager( 1070): THREE_FINGER_SLIDE ActivityStack sendActivityStackChangedIntent begin mMoveTaskFlag = 0
W/ContextImpl( 1070): Calling a method in the system process without a qualified user: android.app.ContextImpl.sendBroadcast:1055 com.android.server.am.ActivityStack.sendActivityStackChangedIntent:4890 com.android.server.am.ActivityStack.realStartActivityLocked:801 com.android.server.am.ActivityStack.startSpecificActivityLocked:845 com.android.server.am.ActivityStack.resumeTopActivityLocked:1865
I/ActivityManager( 1070): START u0 {act=com.android.systemui.nubiarecent.action.TOGGLE_RECENTS flg=0x10800000 cmp=com.android.systemui/.NubiaRecent.NubiaRecentsActivity} from pid 1117
D/dalvikvm( 1117): GC_FOR_ALLOC freed 24K, 40% free 15680K/26032K, paused 27ms, total 27ms
D/dalvikvm( 1117): GC_CONCURRENT freed 1K, 31% free 23779K/34136K, paused 2ms+4ms, total 23ms
W/ActivityManager( 1070): Activity pause timeout for ActivityRecord{41bbae28 u0 com.android.systemui/.NubiaRecent.UserGuideActivity}
W/ContextImpl( 1070): Calling a method in the system process without a qualified user: android.app.ContextImpl.sendBroadcast:1055 com.android.server.am.ActivityStack.activityPaused:1106 com.android.server.am.ActivityStack$ActivityStackHandler.handleMessage:359 android.os.Handler.dispatchMessage:99 android.os.Looper.loop:137
W/ActivityManager( 1070): THREE_FINGER_SLIDE ActivityStack realStartActivityLocked call sendApkLanuchIntent rId = 44
W/ActivityManager( 1070): THREE_FINGER_SLIDE ActivityStack realStartActivityLocked call sendApkLanuchIntent LastPausedId = 43
E/ActivityManager( 1070): THREE_FINGER_SLIDE ActivityStack sendActivityStackChangedIntent begin mMoveTaskFlag = 0
W/ContextImpl( 1070): Calling a method in the system process without a qualified user: android.app.ContextImpl.sendBroadcast:1055 com.android.server.am.ActivityStack.realStartActivityLocked:782 com.android.server.am.ActivityStack.startSpecificActivityLocked:845 com.android.server.am.ActivityStack.resumeTopActivityLocked:1865 com.android.server.am.ActivityStack.resumeTopActivityLocked:1471
W/ContextImpl( 1070): Calling a method in the system process without a qualified user: android.app.ContextImpl.sendBroadcast:1055 com.android.server.am.ActivityStack.sendActivityStackChangedIntent:4890 com.android.server.am.ActivityStack.realStartActivityLocked:801 com.android.server.am.ActivityStack.startSpecificActivityLocked:845 com.android.server.am.ActivityStack.resumeTopActivityLocked:1865
I/ActivityManager( 1070): Displayed com.android.systemui/.NubiaRecent.NubiaRecentsActivity: +173ms (total +689ms)
I/ActivityManager( 1070): Killing 18087:me.sfalexrog.imguidemo/u0a10075: remove task
I/ActivityManager( 1070): Force stopping package me.sfalexrog.imguidemo appid=10075 user=0
I/ActivityManager( 1070): Killing proc 18087:me.sfalexrog.imguidemo/u0a10075: force stop me.sfalexrog.imguidemo
W/ContextImpl( 1070): Calling a method in the system process without a qualified user: android.app.ContextImpl.sendBroadcast:1055 com.android.server.am.ActivityStack.activityPaused:1106 com.android.server.am.ActivityManagerService.activityPaused:4576 android.app.ActivityManagerNative.onTransact:422 com.android.server.am.ActivityManagerService.onTransact:1747
V/ActivityManager( 1070): THREE_FINGER_SLIDE ActivityStack resumeTopActivityLocked 222 prevTaskId = 44
E/ActivityManager( 1070): THREE_FINGER_SLIDE ActivityStack sendActivityStackChangedIntent begin mMoveTaskFlag = 0
V/ActivityManager( 1070): THREE_FINGER_SLIDE ActivityStack resumeTopActivityLocked 222 nextTaskId = 2
W/ContextImpl( 1070): Calling a method in the system process without a qualified user: android.app.ContextImpl.sendBroadcast:1055 com.android.server.am.ActivityStack.sendActivityStackChangedIntent:4890 com.android.server.am.ActivityStack.resumeTopActivityLocked:1732 com.android.server.am.ActivityStack.resumeTopActivityLocked:1471 com.android.server.am.ActivityStack.completePauseLocked:1212
W/ContextImpl( 1070): Calling a method in the system process without a qualified user: android.app.ContextImpl.sendBroadcast:1055 com.android.server.am.ActivityStack.resumeTopActivityLocked:1799 com.android.server.am.ActivityStack.resumeTopActivityLocked:1471 com.android.server.am.ActivityStack.completePauseLocked:1212 com.android.server.am.ActivityStack.activityPaused:1109
I/WindowState( 1070): WIN DEATH: Window{41a3bf98 u0 me.sfalexrog.imguidemo/me.sfalexrog.imguidemo.DemoActivity}
I/WindowState( 1070): WIN DEATH: null
I/ActivityManager( 1070): START u0 {act=com.android.systemui.nubiarecent.action.TOGGLE_RECENTS flg=0x10800000 cmp=com.android.systemui/.NubiaRecent.UserGuideActivity} from pid 1117
D/dalvikvm( 1070): GC_FOR_ALLOC freed 6189K, 44% free 25736K/45616K, paused 57ms, total 59ms
W/ContextImpl( 1070): Calling a method in the system process without a qualified user: android.app.ContextImpl.sendBroadcast:1055 com.android.server.am.ActivityStack.activityPaused:1106 com.android.server.am.ActivityManagerService.activityPaused:4576 android.app.ActivityManagerNative.onTransact:422 com.android.server.am.ActivityManagerService.onTransact:1747
W/ContextImpl( 1070): Calling a method in the system process without a qualified user: android.app.ContextImpl.sendBroadcast:1055 com.android.server.am.ActivityStack.realStartActivityLocked:782 com.android.server.am.ActivityStack.startSpecificActivityLocked:845 com.android.server.am.ActivityStack.resumeTopActivityLocked:1865 com.android.server.am.ActivityStack.resumeTopActivityLocked:1471
W/ActivityManager( 1070): THREE_FINGER_SLIDE ActivityStack realStartActivityLocked call sendApkLanuchIntent rId = 45
W/ActivityManager( 1070): THREE_FINGER_SLIDE ActivityStack realStartActivityLocked call sendApkLanuchIntent LastPausedId = 2
E/ActivityManager( 1070): THREE_FINGER_SLIDE ActivityStack sendActivityStackChangedIntent begin mMoveTaskFlag = 0
W/ContextImpl( 1070): Calling a method in the system process without a qualified user: android.app.ContextImpl.sendBroadcast:1055 com.android.server.am.ActivityStack.sendActivityStackChangedIntent:4890 com.android.server.am.ActivityStack.realStartActivityLocked:801 com.android.server.am.ActivityStack.startSpecificActivityLocked:845 com.android.server.am.ActivityStack.resumeTopActivityLocked:1865
I/ActivityManager( 1070): START u0 {act=com.android.systemui.nubiarecent.action.TOGGLE_RECENTS flg=0x10800000 cmp=com.android.systemui/.NubiaRecent.NubiaRecentsActivity} from pid 1117
W/ActivityManager( 1070): THREE_FINGER_SLIDE ActivityStack realStartActivityLocked call sendApkLanuchIntent rId = 46
W/ActivityManager( 1070): THREE_FINGER_SLIDE ActivityStack realStartActivityLocked call sendApkLanuchIntent LastPausedId = 45
E/ActivityManager( 1070): THREE_FINGER_SLIDE ActivityStack sendActivityStackChangedIntent begin mMoveTaskFlag = 0
W/ContextImpl( 1070): Calling a method in the system process without a qualified user: android.app.ContextImpl.sendBroadcast:1055 com.android.server.am.ActivityStack.activityPaused:1106 com.android.server.am.ActivityManagerService.activityPaused:4576 android.app.ActivityManagerNative.onTransact:422 com.android.server.am.ActivityManagerService.onTransact:1747
W/ContextImpl( 1070): Calling a method in the system process without a qualified user: android.app.ContextImpl.sendBroadcast:1055 com.android.server.am.ActivityStack.realStartActivityLocked:782 com.android.server.am.ActivityStack.startSpecificActivityLocked:845 com.android.server.am.ActivityStack.resumeTopActivityLocked:1865 com.android.server.am.ActivityStack.resumeTopActivityLocked:1471
W/ContextImpl( 1070): Calling a method in the system process without a qualified user: android.app.ContextImpl.sendBroadcast:1055 com.android.server.am.ActivityStack.sendActivityStackChangedIntent:4890 com.android.server.am.ActivityStack.realStartActivityLocked:801 com.android.server.am.ActivityStack.startSpecificActivityLocked:845 com.android.server.am.ActivityStack.resumeTopActivityLocked:1865
I/ActivityManager( 1070): Displayed com.android.systemui/.NubiaRecent.NubiaRecentsActivity: +92ms (total +117ms)
I/ActivityManager( 1070): START u0 {act=android.intent.action.MAIN cat=[android.intent.category.HOME] flg=0x10200000 cmp=cn.nubia.launcher/com.android.launcher2.Launcher} from pid 1070
E/ActivityManager( 1070): THREE_FINGER_SLIDE ActivityStack sendActivityStackChangedIntent begin mMoveTaskFlag = 0
W/ContextImpl( 1070): Calling a method in the system process without a qualified user: android.app.ContextImpl.sendBroadcast:1055 com.android.server.am.ActivityStack.activityPaused:1106 com.android.server.am.ActivityManagerService.activityPaused:4576 android.app.ActivityManagerNative.onTransact:422 com.android.server.am.ActivityManagerService.onTransact:1747
V/ActivityManager( 1070): THREE_FINGER_SLIDE ActivityStack resumeTopActivityLocked 222 prevTaskId = 46
V/ActivityManager( 1070): THREE_FINGER_SLIDE ActivityStack resumeTopActivityLocked 222 nextTaskId = 2
W/ContextImpl( 1070): Calling a method in the system process without a qualified user: android.app.ContextImpl.sendBroadcast:1055 com.android.server.am.ActivityStack.sendActivityStackChangedIntent:4890 com.android.server.am.ActivityStack.resumeTopActivityLocked:1732 com.android.server.am.ActivityStack.resumeTopActivityLocked:1471 com.android.server.am.ActivityStack.completePauseLocked:1212
W/ContextImpl( 1070): Calling a method in the system process without a qualified user: android.app.ContextImpl.sendBroadcast:1055 com.android.server.am.ActivityStack.resumeTopActivityLocked:1799 com.android.server.am.ActivityStack.resumeTopActivityLocked:1471 com.android.server.am.ActivityStack.completePauseLocked:1212 com.android.server.am.ActivityStack.activityPaused:1109
W/ContextImpl( 1070): Calling a method in the system process without a qualified user: android.app.ContextImpl.sendBroadcast:1055 com.android.server.am.ActivityStack.activityPaused:1106 com.android.server.am.ActivityManagerService.activityPaused:4576 android.app.ActivityManagerNative.onTransact:422 com.android.server.am.ActivityManagerService.onTransact:1747
D/dalvikvm( 1070): GC_CONCURRENT freed 5781K, 44% free 25726K/45616K, paused 5ms+6ms, total 89ms
D/dalvikvm( 1070): GC_FOR_ALLOC freed 183K, 35% free 30057K/45616K, paused 79ms, total 80ms
W/ContextImpl( 1117): Calling a method in the system process without a qualified user: android.app.ContextImpl.sendBroadcast:1055 android.content.ContextWrapper.sendBroadcast:344 com.android.systemui.screensaver.ScreenSaverService.sendScreenSaverBroadCast:240 com.android.systemui.screensaver.ScreenSaverService.showScreenSaverView:222 com.android.systemui.screensaver.ScreenSaverService.access$900:48
W/ContextImpl( 1117): Calling a method in the system process without a qualified user: android.app.ContextImpl.sendBroadcast:1055 android.content.ContextWrapper.sendBroadcast:344 com.android.systemui.screensaver.ScreenSaverService.sendScreenSaverBroadCast:240 com.android.systemui.screensaver.ScreenSaverService.dismissScreenSaverView:233 com.android.systemui.screensaver.ScreenSaverService.access$100:48
W/ContextImpl( 1070): Calling a method in the system process without a qualified user: android.app.ContextImpl.sendBroadcast:1055 cn.nubia.notification.CardNotificationMonitor.updateBaseTime:144 cn.nubia.notification.CardNotificationMonitor.handleUpdateCardList:121 cn.nubia.notification.CardNotificationHostView.clearAllCardTips:249 cn.nubia.lockscreen.LockScreenViewGroup.clearCardTips:162
W/ContextImpl( 1070): Calling a method in the system process without a qualified user: android.app.ContextImpl.sendBroadcast:1055 com.android.server.am.ActivityStack.resumeTopActivityLocked:1799 com.android.server.am.ActivityStack.resumeTopActivityLocked:1471 com.android.server.am.ActivityManagerService.comeOutOfSleepIfNeededLocked:7307 com.android.server.am.ActivityManagerService.setLockScreenShown:7339
I/ActivityManager( 1070): START u0 {act=android.intent.action.MAIN cat=[android.intent.category.LAUNCHER] flg=0x10200000 cmp=me.sfalexrog.imguidemo/.DemoActivity bnds=[360,693][530,873]} from pid 1308
W/ContextImpl( 1070): Calling a method in the system process without a qualified user: android.app.ContextImpl.sendBroadcast:1055 com.android.server.am.ActivityStack.activityPaused:1106 com.android.server.am.ActivityManagerService.activityPaused:4576 android.app.ActivityManagerNative.onTransact:422 com.android.server.am.ActivityManagerService.onTransact:1747
D/dalvikvm(18429): Late-enabling CheckJNI
I/ActivityManager( 1070): Start proc me.sfalexrog.imguidemo for activity me.sfalexrog.imguidemo/.DemoActivity: pid=18429 uid=10075 gids={50075, 1028}
W/ContextImpl( 1070): Calling a method in the system process without a qualified user: android.app.ContextImpl.sendBroadcast:1055 com.android.server.am.ActivityStack.realStartActivityLocked:782 com.android.server.am.ActivityManagerService.attachApplicationLocked:4370 com.android.server.am.ActivityManagerService.attachApplication:4434 android.app.ActivityManagerNative.onTransact:390
W/ActivityManager( 1070): THREE_FINGER_SLIDE ActivityStack realStartActivityLocked call sendApkLanuchIntent rId = 47
W/ActivityManager( 1070): THREE_FINGER_SLIDE ActivityStack realStartActivityLocked call sendApkLanuchIntent LastPausedId = 2
E/ActivityManager( 1070): THREE_FINGER_SLIDE ActivityStack sendActivityStackChangedIntent begin mMoveTaskFlag = 0
W/ContextImpl( 1070): Calling a method in the system process without a qualified user: android.app.ContextImpl.sendBroadcast:1055 com.android.server.am.ActivityStack.sendActivityStackChangedIntent:4890 com.android.server.am.ActivityStack.realStartActivityLocked:801 com.android.server.am.ActivityManagerService.attachApplicationLocked:4370 com.android.server.am.ActivityManagerService.attachApplication:4434
V/SDL     (18429): Device: N9180
V/SDL     (18429): Model: N9180
V/SDL     (18429): onCreate(): null
D/dalvikvm(18429): Trying to load lib /data/app-lib/me.sfalexrog.imguidemo-1/libdemo.so 0x418ccc30
D/dalvikvm(18429): Added shared lib /data/app-lib/me.sfalexrog.imguidemo-1/libdemo.so 0x418ccc30
I/javaImSDL(18429): onCreate - API Level 18
V/javaImSDL(18429): Copying assets to accessible locations
V/javaImSDL(18429): Copying bump.jpg
V/javaImSDL(18429): Copying skybox-negx.jpg
V/javaImSDL(18429): Copying skybox-negy.jpg
V/javaImSDL(18429): Copying skybox-negz.jpg
V/javaImSDL(18429): Copying skybox-posx.jpg
V/javaImSDL(18429): Copying skybox-posy.jpg
V/javaImSDL(18429): Copying skybox-posz.jpg
V/javaImSDL(18429): Copying Roboto-Medium.ttf
I/javaImSDL(18429): onStart
V/SDL     (18429): onResume()
I/javaImSDL(18429): onResume
D/libEGL  (18429): loaded /vendor/lib/egl/libEGL_adreno.so
D/libEGL  (18429): loaded /vendor/lib/egl/libGLESv1_CM_adreno.so
